--- 
http_interactions: 
- request: 
    method: post
    uri: https://api.parse.com/1/classes/TestSave
    body: 
      encoding: UTF-8
      string: "{}"
    headers: 
      Content-Type: 
      - application/json
      Accept: 
      - application/json
      User-Agent: 
      - Parse for Ruby, 0.0
      X-Parse-Master-Key: 
      - ""
      X-Parse-Rest-Api-Key: 
      - <X-Parse-REST-API-Key>
      X-Parse-Application-Id: 
      - <X-Parse-Application-Id>
      X-Parse-Session-Token: 
      - ""
      Expect: 
      - ""
  response: 
    status: 
      code: 201
      message: Created
    headers: 
      Access-Control-Allow-Origin: 
      - "*"
      Access-Control-Request-Method: 
      - "*"
      Cache-Control: 
      - no-cache
      Content-Type: 
      - application/json; charset=utf-8
      Date: 
      - Mon, 22 Apr 2013 14:22:26 GMT
      Location: 
      - https://api.parse.com/1/classes/TestSave/AxJJImocw3
      Server: 
      - nginx/1.2.2
      Set-Cookie: 
      - <COOKIE-KEY>
      Status: 
      - 201 Created
      X-Runtime: 
      - "0.099773"
      X-Ua-Compatible: 
      - IE=Edge,chrome=1
      Content-Length: 
      - "64"
      Connection: 
      - keep-alive
    body: 
      encoding: ASCII-8BIT
      string: "{\"createdAt\":\"2013-04-22T14:22:26.867Z\",\"objectId\":\"AxJJImocw3\"}"
    http_version: 
  recorded_at: Mon, 22 Apr 2013 14:22:26 GMT
- request: 
    method: put
    uri: https://api.parse.com/1/classes/TestSave/AxJJImocw3
    body: 
      encoding: UTF-8
      string: "{\"name\":\"john\"}"
    headers: 
      Content-Type: 
      - application/json
      Accept: 
      - application/json
      User-Agent: 
      - Parse for Ruby, 0.0
      X-Parse-Master-Key: 
      - ""
      X-Parse-Rest-Api-Key: 
      - <X-Parse-REST-API-Key>
      X-Parse-Application-Id: 
      - <X-Parse-Application-Id>
      X-Parse-Session-Token: 
      - ""
      Expect: 
      - ""
  response: 
    status: 
      code: 200
      message: OK
    headers: 
      Access-Control-Allow-Origin: 
      - "*"
      Access-Control-Request-Method: 
      - "*"
      Cache-Control: 
      - max-age=0, private, must-revalidate
      Content-Type: 
      - application/json; charset=utf-8
      Date: 
      - Mon, 22 Apr 2013 14:22:26 GMT
      Etag: 
      - "\"e2db10aae0182e606b92a641911e38f8\""
      Server: 
      - nginx/1.2.2
      Set-Cookie: 
      - <COOKIE-KEY>
      Status: 
      - 200 OK
      X-Runtime: 
      - "0.029520"
      X-Ua-Compatible: 
      - IE=Edge,chrome=1
      Content-Length: 
      - "40"
      Connection: 
      - keep-alive
    body: 
      encoding: ASCII-8BIT
      string: "{\"updatedAt\":\"2013-04-22T14:22:26.929Z\"}"
    http_version: 
  recorded_at: Mon, 22 Apr 2013 14:22:26 GMT
- request: 
    method: get
    uri: https://api.parse.com/1/classes/TestSave/AxJJImocw3
    body: 
      encoding: US-ASCII
      string: ""
    headers: 
      Content-Type: 
      - application/json
      Accept: 
      - application/json
      User-Agent: 
      - Parse for Ruby, 0.0
      X-Parse-Master-Key: 
      - ""
      X-Parse-Rest-Api-Key: 
      - <X-Parse-REST-API-Key>
      X-Parse-Application-Id: 
      - <X-Parse-Application-Id>
      X-Parse-Session-Token: 
      - ""
      Expect: 
      - ""
  response: 
    status: 
      code: 200
      message: OK
    headers: 
      Access-Control-Allow-Origin: 
      - "*"
      Access-Control-Request-Method: 
      - "*"
      Cache-Control: 
      - max-age=0, private, must-revalidate
      Content-Type: 
      - application/json; charset=utf-8
      Date: 
      - Mon, 22 Apr 2013 14:22:27 GMT
      Etag: 
      - "\"6c58b14c42ee607b7ddc6929210bd1b6\""
      Server: 
      - nginx/1.2.2
      Set-Cookie: 
      - <COOKIE-KEY>
      Status: 
      - 200 OK
      X-Runtime: 
      - "0.045739"
      X-Ua-Compatible: 
      - IE=Edge,chrome=1
      Content-Length: 
      - "117"
      Connection: 
      - keep-alive
    body: 
      encoding: ASCII-8BIT
      string: "{\"name\":\"john\",\"createdAt\":\"2013-04-22T14:22:26.867Z\",\"updatedAt\":\"2013-04-22T14:22:26.929Z\",\"objectId\":\"AxJJImocw3\"}"
    http_version: 
  recorded_at: Mon, 22 Apr 2013 14:22:27 GMT
- request: 
    method: put
    uri: https://api.parse.com/1/classes/TestSave/AxJJImocw3
    body: 
      encoding: UTF-8
      string: "{\"name\":\"dave\"}"
    headers: 
      Content-Type: 
      - application/json
      Accept: 
      - application/json
      User-Agent: 
      - Parse for Ruby, 0.0
      X-Parse-Master-Key: 
      - ""
      X-Parse-Rest-Api-Key: 
      - <X-Parse-REST-API-Key>
      X-Parse-Application-Id: 
      - <X-Parse-Application-Id>
      X-Parse-Session-Token: 
      - ""
      Expect: 
      - ""
  response: 
    status: 
      code: 200
      message: OK
    headers: 
      Access-Control-Allow-Origin: 
      - "*"
      Access-Control-Request-Method: 
      - "*"
      Cache-Control: 
      - max-age=0, private, must-revalidate
      Content-Type: 
      - application/json; charset=utf-8
      Date: 
      - Mon, 22 Apr 2013 14:22:27 GMT
      Etag: 
      - "\"67b64d75f009887670456556ff462667\""
      Server: 
      - nginx/1.2.2
      Set-Cookie: 
      - <COOKIE-KEY>
      Status: 
      - 200 OK
      X-Runtime: 
      - "0.041561"
      X-Ua-Compatible: 
      - IE=Edge,chrome=1
      Content-Length: 
      - "40"
      Connection: 
      - keep-alive
    body: 
      encoding: ASCII-8BIT
      string: "{\"updatedAt\":\"2013-04-22T14:22:27.074Z\"}"
    http_version: 
  recorded_at: Mon, 22 Apr 2013 14:22:27 GMT
- request: 
    method: get
    uri: https://api.parse.com/1/classes/TestSave/AxJJImocw3
    body: 
      encoding: US-ASCII
      string: ""
    headers: 
      Content-Type: 
      - application/json
      Accept: 
      - application/json
      User-Agent: 
      - Parse for Ruby, 0.0
      X-Parse-Master-Key: 
      - ""
      X-Parse-Rest-Api-Key: 
      - <X-Parse-REST-API-Key>
      X-Parse-Application-Id: 
      - <X-Parse-Application-Id>
      X-Parse-Session-Token: 
      - ""
      Expect: 
      - ""
  response: 
    status: 
      code: 200
      message: OK
    headers: 
      Access-Control-Allow-Origin: 
      - "*"
      Access-Control-Request-Method: 
      - "*"
      Cache-Control: 
      - max-age=0, private, must-revalidate
      Content-Type: 
      - application/json; charset=utf-8
      Date: 
      - Mon, 22 Apr 2013 14:22:27 GMT
      Etag: 
      - "\"2b66e9dcd29cc23388027a9071824131\""
      Server: 
      - nginx/1.2.2
      Set-Cookie: 
      - <COOKIE-KEY>
      Status: 
      - 200 OK
      X-Runtime: 
      - "0.035789"
      X-Ua-Compatible: 
      - IE=Edge,chrome=1
      Content-Length: 
      - "117"
      Connection: 
      - keep-alive
    body: 
      encoding: ASCII-8BIT
      string: "{\"name\":\"dave\",\"createdAt\":\"2013-04-22T14:22:26.867Z\",\"updatedAt\":\"2013-04-22T14:22:27.074Z\",\"objectId\":\"AxJJImocw3\"}"
    http_version: 
  recorded_at: Mon, 22 Apr 2013 14:22:27 GMT
recorded_with: VCR 2.4.0
