--- 
http_interactions: 
- request: 
    method: post
    uri: https://api.parse.com/1/classes/Post
    body: 
      encoding: UTF-8
      string: "{}"
    headers: 
      Content-Type: 
      - application/json
      Accept: 
      - application/json
      User-Agent: 
      - Parse for Ruby, 0.0
      X-Parse-Master-Key: 
      - ""
      X-Parse-Rest-Api-Key: 
      - <X-Parse-REST-API-Key>
      X-Parse-Application-Id: 
      - <X-Parse-Application-Id>
      X-Parse-Session-Token: 
      - ""
      Expect: 
      - ""
  response: 
    status: 
      code: 201
      message: Created
    headers: 
      Access-Control-Allow-Origin: 
      - "*"
      Access-Control-Request-Method: 
      - "*"
      Cache-Control: 
      - no-cache
      Content-Type: 
      - application/json; charset=utf-8
      Date: 
      - Mon, 22 Apr 2013 14:11:32 GMT
      Location: 
      - https://api.parse.com/1/classes/Post/ZkKSkVC6cF
      Server: 
      - nginx/1.2.2
      Set-Cookie: 
      - <COOKIE-KEY>
      Status: 
      - 201 Created
      X-Runtime: 
      - "0.027966"
      X-Ua-Compatible: 
      - IE=Edge,chrome=1
      Content-Length: 
      - "64"
      Connection: 
      - keep-alive
    body: 
      encoding: ASCII-8BIT
      string: "{\"createdAt\":\"2013-04-22T14:11:32.631Z\",\"objectId\":\"ZkKSkVC6cF\"}"
    http_version: 
  recorded_at: Mon, 22 Apr 2013 14:11:32 GMT
- request: 
    method: post
    uri: https://api.parse.com/1/classes/Comment
    body: 
      encoding: UTF-8
      string: "{}"
    headers: 
      Content-Type: 
      - application/json
      Accept: 
      - application/json
      User-Agent: 
      - Parse for Ruby, 0.0
      X-Parse-Master-Key: 
      - ""
      X-Parse-Rest-Api-Key: 
      - <X-Parse-REST-API-Key>
      X-Parse-Application-Id: 
      - <X-Parse-Application-Id>
      X-Parse-Session-Token: 
      - ""
      Expect: 
      - ""
  response: 
    status: 
      code: 201
      message: Created
    headers: 
      Access-Control-Allow-Origin: 
      - "*"
      Access-Control-Request-Method: 
      - "*"
      Cache-Control: 
      - no-cache
      Content-Type: 
      - application/json; charset=utf-8
      Date: 
      - Mon, 22 Apr 2013 14:11:32 GMT
      Location: 
      - https://api.parse.com/1/classes/Comment/nab3iM1KPh
      Server: 
      - nginx/1.2.2
      Set-Cookie: 
      - <COOKIE-KEY>
      Status: 
      - 201 Created
      X-Runtime: 
      - "0.086613"
      X-Ua-Compatible: 
      - IE=Edge,chrome=1
      Content-Length: 
      - "64"
      Connection: 
      - keep-alive
    body: 
      encoding: ASCII-8BIT
      string: "{\"createdAt\":\"2013-04-22T14:11:32.756Z\",\"objectId\":\"nab3iM1KPh\"}"
    http_version: 
  recorded_at: Mon, 22 Apr 2013 14:11:32 GMT
- request: 
    method: put
    uri: https://api.parse.com/1/classes/Post/ZkKSkVC6cF
    body: 
      encoding: UTF-8
      string: "{\"comments\":{\"__op\":\"AddRelation\",\"objects\":[{\"__type\":\"Pointer\",\"className\":\"Comment\",\"objectId\":\"nab3iM1KPh\"}]}}"
    headers: 
      Content-Type: 
      - application/json
      Accept: 
      - application/json
      User-Agent: 
      - Parse for Ruby, 0.0
      X-Parse-Master-Key: 
      - ""
      X-Parse-Rest-Api-Key: 
      - <X-Parse-REST-API-Key>
      X-Parse-Application-Id: 
      - <X-Parse-Application-Id>
      X-Parse-Session-Token: 
      - ""
      Expect: 
      - ""
  response: 
    status: 
      code: 400
      message: Bad Request
    headers: 
      Access-Control-Allow-Origin: 
      - "*"
      Access-Control-Request-Method: 
      - "*"
      Cache-Control: 
      - no-cache
      Content-Type: 
      - application/json; charset=utf-8
      Date: 
      - Mon, 22 Apr 2013 14:11:32 GMT
      Server: 
      - nginx/1.2.2
      Set-Cookie: 
      - <COOKIE-KEY>
      Status: 
      - 400 Bad Request
      X-Runtime: 
      - "0.028304"
      X-Ua-Compatible: 
      - IE=Edge,chrome=1
      Content-Length: 
      - "68"
      Connection: 
      - keep-alive
    body: 
      encoding: ASCII-8BIT
      string: "{\"code\":111,\"error\":\"can't add a relation to an non-relation field\"}"
    http_version: 
  recorded_at: Mon, 22 Apr 2013 14:11:32 GMT
recorded_with: VCR 2.4.0
